// Jest Snapshot v1, https://goo.gl/fbAQLP

exports[`Snapshot test for the TextEntry component Matches DOM Snapshot 1`] = `null`;
